../Drivers/STM32F4xx_HAL_Driver/Inc/stm32f4xx_ll_rcc.h:2987:22:LL_RCC_HSI_Enable	1
../Drivers/STM32F4xx_HAL_Driver/Inc/stm32f4xx_ll_rcc.h:3007:26:LL_RCC_HSI_IsReady	1
../Drivers/STM32F4xx_HAL_Driver/Inc/stm32f4xx_ll_rcc.h:3033:22:LL_RCC_HSI_SetCalibTrimming	1
../Drivers/STM32F4xx_HAL_Driver/Inc/stm32f4xx_ll_rcc.h:3188:22:LL_RCC_SetSysClkSource	1
../Drivers/STM32F4xx_HAL_Driver/Inc/stm32f4xx_ll_rcc.h:3204:26:LL_RCC_GetSysClkSource	1
../Drivers/STM32F4xx_HAL_Driver/Inc/stm32f4xx_ll_rcc.h:3224:22:LL_RCC_SetAHBPrescaler	1
../Drivers/STM32F4xx_HAL_Driver/Inc/stm32f4xx_ll_rcc.h:3240:22:LL_RCC_SetAPB1Prescaler	1
../Drivers/STM32F4xx_HAL_Driver/Inc/stm32f4xx_ll_rcc.h:3256:22:LL_RCC_SetAPB2Prescaler	1
../Drivers/STM32F4xx_HAL_Driver/Inc/stm32f4xx_ll_rcc.h:4153:22:LL_RCC_SetTIMPrescaler	1
../Drivers/STM32F4xx_HAL_Driver/Inc/stm32f4xx_ll_rcc.h:4184:22:LL_RCC_PLL_Enable	1
../Drivers/STM32F4xx_HAL_Driver/Inc/stm32f4xx_ll_rcc.h:4205:26:LL_RCC_PLL_IsReady	1
../Drivers/STM32F4xx_HAL_Driver/Inc/stm32f4xx_ll_rcc.h:4304:22:LL_RCC_PLL_ConfigDomain_SYS	1
../Drivers/STM32F4xx_HAL_Driver/Inc/stm32f4xx_ll_bus.h:409:22:LL_AHB1_GRP1_EnableClock	1
../Drivers/STM32F4xx_HAL_Driver/Inc/stm32f4xx_ll_bus.h:1185:22:LL_APB1_GRP1_EnableClock	1
../Drivers/STM32F4xx_HAL_Driver/Inc/stm32f4xx_ll_system.h:1543:22:LL_FLASH_SetLatency	1
../Drivers/STM32F4xx_HAL_Driver/Inc/stm32f4xx_ll_system.h:1569:26:LL_FLASH_GetLatency	1
../Drivers/STM32F4xx_HAL_Driver/Inc/stm32f4xx_ll_pwr.h:505:22:LL_PWR_SetRegulVoltageScaling	1
../Drivers/STM32F4xx_HAL_Driver/Inc/stm32f4xx_ll_pwr.h:883:26:LL_PWR_IsActiveFlag_VOS	1
../Drivers/STM32F4xx_HAL_Driver/Inc/stm32f4xx_ll_usart.h:410:22:LL_USART_Enable	1
../Drivers/STM32F4xx_HAL_Driver/Inc/stm32f4xx_ll_usart.h:1479:22:LL_USART_ConfigAsyncMode	1
../Drivers/STM32F4xx_HAL_Driver/Inc/stm32f4xx_ll_gpio.h:800:26:LL_GPIO_IsInputPinSet	1
../Drivers/STM32F4xx_HAL_Driver/Inc/stm32f4xx_ll_gpio.h:910:22:LL_GPIO_ResetOutputPin	1
../Drivers/STM32F4xx_HAL_Driver/Inc/stm32f4xx_ll_gpio.h:939:22:LL_GPIO_TogglePin	1
../Core/Src/main.c:96:5:main	1
../Core/Src/main.c:187:6:SystemClock_Config	7
../Core/Src/main.c:238:13:MX_USART2_UART_Init	1
../Core/Src/main.c:289:13:MX_GPIO_Init	1
../Core/Src/main.c:333:6:StartDefaultTask	1
../Core/Src/main.c:351:6:StartTask02	1
../Core/Src/main.c:384:6:StartTask03	2
../Core/Src/main.c:404:6:HAL_TIM_PeriodElapsedCallback	2
../Core/Src/main.c:421:6:Error_Handler	1
